c:\users\retsu\documents\2026_hal\sp31\sp31project\sp31project\x64\debug\vc143.pdb
c:\users\retsu\documents\2026_hal\sp31\sp31project\sp31project\x64\debug\vc143.idb
c:\users\retsu\documents\2026_hal\sp31\sp31project\sp31project\x64\debug\texture.obj
c:\users\retsu\documents\2026_hal\sp31\sp31project\sp31project\x64\debug\sprite.obj
c:\users\retsu\documents\2026_hal\sp31\sp31project\sp31project\x64\debug\renderer.obj
c:\users\retsu\documents\2026_hal\sp31\sp31project\sp31project\x64\debug\sprite2d.obj
c:\users\retsu\documents\2026_hal\sp31\sp31project\sp31project\x64\debug\pixeldirectionallighting.obj
c:\users\retsu\documents\2026_hal\sp31\sp31project\sp31project\x64\debug\model.obj
c:\users\retsu\documents\2026_hal\sp31\sp31project\sp31project\x64\debug\manager.obj
c:\users\retsu\documents\2026_hal\sp31\sp31project\sp31project\x64\debug\main.obj
c:\users\retsu\documents\2026_hal\sp31\sp31project\sp31project\x64\debug\keyboard.obj
c:\users\retsu\documents\2026_hal\sp31\sp31project\sp31project\x64\debug\imgui_widgets.obj
c:\users\retsu\documents\2026_hal\sp31\sp31project\sp31project\x64\debug\imgui_tables.obj
c:\users\retsu\documents\2026_hal\sp31\sp31project\sp31project\x64\debug\imgui_impl_win32.obj
c:\users\retsu\documents\2026_hal\sp31\sp31project\sp31project\x64\debug\imgui_impl_dx11.obj
c:\users\retsu\documents\2026_hal\sp31\sp31project\sp31project\x64\debug\imgui_draw.obj
c:\users\retsu\documents\2026_hal\sp31\sp31project\sp31project\x64\debug\imgui_demo.obj
c:\users\retsu\documents\2026_hal\sp31\sp31project\sp31project\x64\debug\imgui.obj
c:\users\retsu\documents\2026_hal\sp31\sp31project\sp31project\x64\debug\game.obj
c:\users\retsu\documents\2026_hal\sp31\sp31project\sp31project\x64\debug\field3d.obj
c:\users\retsu\documents\2026_hal\sp31\sp31project\sp31project\x64\debug\camera.obj
c:\users\retsu\documents\2026_hal\sp31\sp31project\sp31project\x64\debug\polygonmodel.obj
c:\users\retsu\documents\2026_hal\sp31\sp31project\sp31project\x64\debug\pixellightingblinnphong.obj
c:\users\retsu\documents\2026_hal\sp31\sp31project\sp31project\x64\debug\vertexdirectionallighting.obj
c:\users\retsu\documents\2026_hal\sp31\sp31project\sp31project\x64\debug\hemispherelighting.obj
c:\users\retsu\documents\2026_hal\sp31\sp31project\grayscaleps.cso
c:\users\retsu\documents\2026_hal\sp31\sp31project\grayscalevs.cso
c:\users\retsu\documents\2026_hal\sp31\sp31project\pixeldirectionallightingps.cso
c:\users\retsu\documents\2026_hal\sp31\sp31project\pixellightingblinnphongvs.cso
c:\users\retsu\documents\2026_hal\sp31\sp31project\pixellightingblinnphongps.cso
c:\users\retsu\documents\2026_hal\sp31\sp31project\sepiaps.cso
c:\users\retsu\documents\2026_hal\sp31\sp31project\sepiavs.cso
c:\users\retsu\documents\2026_hal\sp31\sp31project\unlitcolorps.cso
c:\users\retsu\documents\2026_hal\sp31\sp31project\unlitcolorvs.cso
c:\users\retsu\documents\2026_hal\sp31\sp31project\unlittextureps.cso
c:\users\retsu\documents\2026_hal\sp31\sp31project\unlittexturevs.cso
c:\users\retsu\documents\2026_hal\sp31\sp31project\vertexdirectionallightingps.cso
c:\users\retsu\documents\2026_hal\sp31\sp31project\vertexdirectionallightingvs.cso
c:\users\retsu\documents\2026_hal\sp31\sp31project\pixeldirectionallightingvs.cso
c:\users\retsu\documents\2026_hal\sp31\sp31project\x64\debug\sp31project.exe
c:\users\retsu\documents\2026_hal\sp31\sp31project\x64\debug\sp31project.pdb
c:\users\retsu\documents\2026_hal\sp31\sp31project\sp31project\x64\debug\sp31project.ilk
c:\users\retsu\documents\2026_hal\sp31\sp31project\sp31project\x64\debug\sp31project.tlog\cl.command.1.tlog
c:\users\retsu\documents\2026_hal\sp31\sp31project\sp31project\x64\debug\sp31project.tlog\cl.items.tlog
c:\users\retsu\documents\2026_hal\sp31\sp31project\sp31project\x64\debug\sp31project.tlog\cl.read.1.tlog
c:\users\retsu\documents\2026_hal\sp31\sp31project\sp31project\x64\debug\sp31project.tlog\cl.write.1.tlog
c:\users\retsu\documents\2026_hal\sp31\sp31project\sp31project\x64\debug\sp31project.tlog\fxc.command.1.tlog
c:\users\retsu\documents\2026_hal\sp31\sp31project\sp31project\x64\debug\sp31project.tlog\fxc.read.1.tlog
c:\users\retsu\documents\2026_hal\sp31\sp31project\sp31project\x64\debug\sp31project.tlog\fxc.write.1.tlog
c:\users\retsu\documents\2026_hal\sp31\sp31project\sp31project\x64\debug\sp31project.tlog\link.command.1.tlog
c:\users\retsu\documents\2026_hal\sp31\sp31project\sp31project\x64\debug\sp31project.tlog\link.read.1.tlog
c:\users\retsu\documents\2026_hal\sp31\sp31project\sp31project\x64\debug\sp31project.tlog\link.secondary.1.tlog
c:\users\retsu\documents\2026_hal\sp31\sp31project\sp31project\x64\debug\sp31project.tlog\link.write.1.tlog
